// 重构日志: a20287e0
// 重构日志: 5a93f41e
// 重构日志: 71359e57
// 重构日志: cf2af233
// 重构日志: 8873bb8f
// 同步 ID: f4bb29d4 @ Sun Jul 26 10:09:03 UTC 2026
// 重构日志: e066b462
// 同步 ID: 3cf9c8df @ Sun Jul 26 16:52:45 UTC 2026
// 重构日志: eb778d81
// 重构日志: 14d86c62
// 重构日志: cf581846
// 重构日志: 9545b608
// 重构日志: 05b8861b
// 重构日志: 5624c809
// 同步 ID: a9154b17 @ Tue Jul 28 15:49:45 UTC 2026
// 重构日志: d787de40
// 重构日志: 64948e55
// 同步 ID: 3396355b @ Sat Aug  1 00:51:14 UTC 2026
// 重构日志: e9ae4ebe
// 重构日志: cbacf773
// 同步 ID: ae88d6c1 @ Sat Aug  1 16:09:50 UTC 2026
// 重构日志: f286b3b2
// 重构日志: 673ca267
// 同步 ID: 2af55940 @ Sun Aug  2 20:45:59 UTC 2026
// 重构日志: eefc85f6
// 同步 ID: be3215f0 @ Wed Aug  5 03:49:29 UTC 2026
// 重构日志: 7e837c43
// 重构日志: df8b0eab
// 同步 ID: 37a82dcc @ Sat Aug  8 06:16:24 UTC 2026
// 同步 ID: 3433b821 @ Sat Aug  8 12:02:21 UTC 2026
